// Bun Snapshot v1, https://bun.sh/docs/test/snapshots

exports[`Patient with extensions 1`] = `
{
  "_birthDate": {
    "extension": [
      {
        "url": "http://hl7.org/fhir/StructureDefinition/patient-birthTime",
        "valueDateTime": "1990-03-15T08:22:00-05:00",
      },
    ],
  },
  "birthDate": "1990-03-15",
  "contact": [
    {
      "extension": [
        {
          "url": "http://example.org/fhir/StructureDefinition/contact-priority",
          "valueInteger": 1,
        },
      ],
      "name": {
        "family": "Watson",
        "given": [
          "John",
        ],
      },
      "telecom": [
        {
          "system": "phone",
          "value": "+44-20-7946-1234",
        },
      ],
    },
  ],
  "extension": [
    {
      "url": "http://hl7.org/fhir/StructureDefinition/patient-birthPlace",
      "valueAddress": {
        "city": "Springfield",
        "country": "US",
      },
    },
  ],
  "id": "ext-demo",
  "modifierExtension": [
    {
      "url": "http://example.org/fhir/StructureDefinition/do-not-contact",
      "valueBoolean": false,
    },
  ],
  "name": [
    {
      "_family": {
        "extension": [
          {
            "url": "http://hl7.org/fhir/StructureDefinition/humanname-own-prefix",
            "valueString": "van",
          },
        ],
      },
      "_given": [
        {
          "extension": [
            {
              "url": "http://example.org/fhir/StructureDefinition/name-source",
              "valueCode": "birth-certificate",
            },
          ],
        },
        null,
        {
          "extension": [
            {
              "url": "http://example.org/fhir/StructureDefinition/name-source",
              "valueCode": "baptism-record",
            },
          ],
        },
      ],
      "extension": [
        {
          "url": "http://example.org/fhir/StructureDefinition/name-verified",
          "valueBoolean": true,
        },
      ],
      "family": "van Beethoven",
      "given": [
        "Ludwig",
        "Maria",
        "Johann",
      ],
    },
  ],
  "resourceType": "Patient",
}
`;
